// Jest Snapshot v1, https://goo.gl/fbAQLP

exports[`Banner renders correctly 1`] = `
<section
  className="MuiContainer-root makeStyles-root-1"
>
  <span
    className="MuiBox-root MuiBox-root-12"
  >
    <img
      alt="U.S. flag signifying that this is a United States Federal Government website"
      className="makeStyles-bannerImage-2"
      src="test-file-stub"
    />
    An official website of the U.S. government
  </span>
</section>
`;
